# Run Summary

## Metadata

| Field | Value |
|-------|-------|
| Spec | `rate-limiter` |
| Agent | `task-42` |
| Outcome | **gate_failed** |
| Retries | 1 / 3 |
| Slices | 2 / 3 complete |
| Started | 2026-03-14T09:26:53Z |
| Duration | <elapsed> |

## Gates

- **build** (`go build ./...`): **PASS**
- **test** (`go test ./...`): **FAIL**
  ```
  --- FAIL: TestThing (0.01s)
    thing_test.go:42: want 1, got 2
FAIL
  ```

Some gates **failed**.

## Unfinished Slices

- Step 3: add metrics

## Result

Gate validation failed after 1 retries. Worktree preserved for manual inspection.
