**Context Usage**

`████████████████████`  test-model · 200.0k/100.0k tokens (200%)

*Estimated usage by category*
- **User messages**: ~0 tokens (0 msgs)
- **Assistant messages**: ~0 tokens (0 msgs)
- **Tool calls**: ~0 tokens (0 calls)
- **Total context**: ~0 tokens (0 messages)

*Daily token usage*
- **Consumed today**: 200.0k tokens
- **Remaining**: 0 tokens
